// Jest Snapshot v1, https://goo.gl/fbAQLP

exports[`Shopify React i18next get correct coverage report 1`] = `
Object {
  "allKeys": Array [
    "pages.home.title",
    "translation.count.one",
    "translation.count.other",
    "translation.description.part1",
    "translation.description.part2",
    "translation.foo.bar",
    "translation.title",
    "translation.titlew",
  ],
  "emptyKeys": Array [],
  "locale": "en",
  "missing": 0,
  "missingKeys": Array [],
  "total": 8,
  "translated": 8,
  "translatedKeys": Array [
    "pages.home.title",
    "translation.count.one",
    "translation.count.other",
    "translation.description.part1",
    "translation.description.part2",
    "translation.foo.bar",
    "translation.title",
    "translation.titlew",
  ],
}
`;

exports[`Shopify React i18next get keys 1`] = `
Array [
  Object {
    "annotationEnd": 531,
    "annotationStart": 509,
    "end": 530,
    "key": "translation.title",
    "quoted": true,
    "start": 513,
  },
  Object {
    "annotationEnd": 746,
    "annotationStart": 706,
    "end": 745,
    "key": "translation.description.part1",
    "quoted": true,
    "start": 716,
  },
  Object {
    "annotationEnd": 1342,
    "annotationStart": 1308,
    "end": 1341,
    "key": "translation.description.part2",
    "quoted": true,
    "start": 1312,
  },
  Object {
    "annotationEnd": 1437,
    "annotationStart": 1397,
    "end": 1436,
    "key": "translation.description.part2",
    "quoted": true,
    "start": 1407,
  },
  Object {
    "annotationEnd": 1491,
    "annotationStart": 1469,
    "end": 1490,
    "key": "translation.count",
    "quoted": true,
    "start": 1473,
  },
  Object {
    "annotationEnd": 1674,
    "annotationStart": 1666,
    "end": 1673,
    "key": "translation.foo.bar",
    "quoted": true,
    "start": 1670,
  },
  Object {
    "annotationEnd": 1724,
    "annotationStart": 1703,
    "end": 1723,
    "key": "pages.home.title",
    "quoted": true,
    "start": 1707,
  },
  Object {
    "annotationEnd": 1749,
    "annotationStart": 1728,
    "end": 1748,
    "key": "pages.home.title",
    "quoted": true,
    "start": 1732,
  },
  Object {
    "annotationEnd": 1859,
    "annotationStart": 1849,
    "end": 1858,
    "key": "pages.home.title",
    "quoted": true,
    "start": 1853,
  },
  Object {
    "annotationEnd": 1910,
    "annotationStart": 1888,
    "end": 1909,
    "key": "translation.title",
    "quoted": true,
    "start": 1892,
  },
  Object {
    "annotationEnd": 2023,
    "annotationStart": 2013,
    "end": 2022,
    "key": "pages.home.title",
    "quoted": true,
    "start": 2017,
  },
  Object {
    "annotationEnd": 2062,
    "annotationStart": 2052,
    "end": 2061,
    "key": "translation.title",
    "quoted": true,
    "start": 2056,
  },
  Object {
    "annotationEnd": 2261,
    "annotationStart": 2245,
    "end": 2260,
    "key": "pages.home.title",
    "quoted": true,
    "start": 2255,
  },
  Object {
    "annotationEnd": 2338,
    "annotationStart": 2322,
    "end": 2337,
    "key": "translation.title",
    "quoted": true,
    "start": 2332,
  },
]
`;
